^DI will begin by reading the task file to understand the requirements for the US Macro Dashboard Transmission Map.
I will list the directory contents of the project to understand the existing project structure and identify the files to modify.
I will check the files inside the `src` directory to see how the project is structured.
I will view `index.html` to understand how the dashboard page is laid out.
I will read the contents of `src/main.js` to inspect the analysis logic and see how indicator cards and weather pillars are currently generated and rendered.
I will read the rest of `src/main.js` to see the complete implementation of card status calculations and formatting helpers.
I will view `src/style.css` to understand the visual styles, color system, and themes used in the current dashboard.
I will view the rest of the stylesheet to see the remaining layout details and responsive styling.
I will edit `index.html` to insert the container for the new Macro Transmission Map, placing it between the top summary weather panel and the indicator cards container.
I will look at the exact line range around the sections container in `index.html` to perform the modification.
I will modify `index.html` to add the evidence section header that explicitly reframes the indicators as evidence beneath the transmission map.
I will update `src/style.css` to add the styles for the new Macro Transmission Map, its cards, flow arrows, causal story container, bottlenecks, watch list, and responsive layout.
I will modify `renderDashboard` in `src/main.js` to run the transmission calculations and render the transmission map in the page lifecycle.
I will add `TICKER_NAME_MAP` in `src/main.js` to map the indicator symbols to user-friendly titles, enhancing the readability of the system nodes and watchlist.
I will insert the new functions `calculateTransmissionMap` and `renderTransmissionMap` in `src/main.js` right above the weather panel renderer.
I will view `package.json` to verify if there are any build steps, bundlers, or custom script executions needed to verify the application.
I will check the git status of the project to see what files have been modified.
I will run a syntax check on `src/main.js` using node to ensure that there are no syntax errors introduced in the JavaScript code.
I will read `README.md` to see its current content and find the best place to document the differences between the Macro Transmission Map (system view) and the Indicator Cards (evidence view).
I will modify `README.md` to include a section explaining the difference between the Macro Transmission Map (system view) and the Indicator Cards (evidence view).
I will run the mock data generator and the data compiler script to verify that the project builds correctly and there are no errors in `src/data.js` or standard data generation pipelines.
I will check the git remote configuration to see if there is already a remote repository associated with the project.
I will run `git diff --stat` to confirm the files modified before making a commit.
I will stage and commit the changes to the git repository.
I will push the commit to the GitHub repository.
I will check the help for the `gh repo edit` command to see if we can enable GitHub Pages for the repository directly from the command line.
I will check if GitHub Pages is already configured or enabled for the repository by querying the GitHub API.
I will list the latest GitHub Actions runs to see if there is a Pages deployment action running or completed.
I will check the status of the deployment workflow to see if it has succeeded.
I will perform a search in the fetch script to confirm that changes are calculated for all series.
I will view the `computeChanges` function in `scripts/fetch-data.js` to ensure the structure of the `changes` object matches our usage.
I will check the status of the GitHub Pages deployment to see if it is complete.
I will run a command to get the exact full commit SHA for our changes.
I will check the GitHub Actions build runs once more.
I will set a 15-second timer to wait for the GitHub Pages deployment to complete before checking the URL.
I will wait for the timer to finish and notify us when the build is likely complete.
I will check the status of the Pages deployment action again.
I have successfully completed the tasks to upgrade the US Macro Dashboard into a systemic transmission map dashboard. Here is the final report:

```text
Updated repo: nickchen494949/us-macro-dashboard
Files changed: index.html, src/main.js, src/style.css, README.md
Live URL: https://nickchen494949.github.io/us-macro-dashboard/
Commit SHA: d7e16aa1b7c34359f92c789fe6194ceb6e22961b
What changed:
- Added a new top-level interactive Macro Transmission Map above the indicator sections.
- Created `calculateTransmissionMap()` in `src/main.js` to dynamically evaluate the macroeconomic regime status of the 8 causal nodes based on underlying indicator metrics.
- Added a one-sentence causal story dynamically generated based on current indicators and regimes.
- Highlighted weakest transmission steps as the "Current Bottleneck" path and provided a "Critical Indicators to Watch Next" list.
- Embedded smooth scrolling and highlight effects when users click on indicators in the system map to focus on their corresponding evidence cards below.
- Reframed the existing indicator cards as the "Supporting Indicator Evidence" (evidence view) below the new system map.
- Updated `src/style.css` with a responsive flex layout for the system map, interactive arrows, status styling, and mobile vertical stack optimizations.
- Updated `README.md` to explain the system vs. evidence design pattern.
Acceptance check result:
1. Existing dashboard still loads: Yes, verified compilation and successful static build.
2. Existing card sections still render: Yes, the sections render below the map.
3. New top system map renders above the cards: Yes, placed directly above the evidence headers.
4. Answers "where is the US economy stuck in the transmission chain?": Yes, clearly labels bottlenecks (e.g. restrictive Fed policy, chilled rate-sensitive housing, cooling labor market) and displays them sequentially.
5. Mobile layout has no horizontal scrolling: Yes, media query turns the flex direction to column and rotates arrows to point downwards.
6. README updated: Yes, explains System view vs. Evidence view.
7. Commits pushed and deployed: Yes, successfully committed, pushed to `main`, and deployed live via GitHub Pages.
```
